------------------------------------------------------------
Timing Analyzer Summary
------------------------------------------------------------

Type  : Slow 1200mV 85C Model Setup 'geraclk|PLL1_inst0|altpll_component|auto_generated|pll1|clk[0]'
Slack : 199996.065
TNS   : 0.000

Type  : Slow 1200mV 85C Model Hold 'geraclk|PLL1_inst0|altpll_component|auto_generated|pll1|clk[0]'
Slack : 0.540
TNS   : 0.000

Type  : Slow 1200mV 85C Model Minimum Pulse Width 'clk'
Slack : 9.820
TNS   : 0.000

Type  : Slow 1200mV 85C Model Minimum Pulse Width 'geraclk|PLL1_inst0|altpll_component|auto_generated|pll1|clk[0]'
Slack : 99999.853
TNS   : 0.000

Type  : Slow 1200mV 0C Model Setup 'geraclk|PLL1_inst0|altpll_component|auto_generated|pll1|clk[0]'
Slack : 199996.242
TNS   : 0.000

Type  : Slow 1200mV 0C Model Hold 'geraclk|PLL1_inst0|altpll_component|auto_generated|pll1|clk[0]'
Slack : 0.410
TNS   : 0.000

Type  : Slow 1200mV 0C Model Minimum Pulse Width 'clk'
Slack : 9.830
TNS   : 0.000

Type  : Slow 1200mV 0C Model Minimum Pulse Width 'geraclk|PLL1_inst0|altpll_component|auto_generated|pll1|clk[0]'
Slack : 99999.763
TNS   : 0.000

Type  : Fast 1200mV 0C Model Setup 'geraclk|PLL1_inst0|altpll_component|auto_generated|pll1|clk[0]'
Slack : 199998.364
TNS   : 0.000

Type  : Fast 1200mV 0C Model Hold 'geraclk|PLL1_inst0|altpll_component|auto_generated|pll1|clk[0]'
Slack : 0.292
TNS   : 0.000

Type  : Fast 1200mV 0C Model Minimum Pulse Width 'clk'
Slack : 9.530
TNS   : 0.000

Type  : Fast 1200mV 0C Model Minimum Pulse Width 'geraclk|PLL1_inst0|altpll_component|auto_generated|pll1|clk[0]'
Slack : 99999.880
TNS   : 0.000

------------------------------------------------------------
